I'm sorry, but errors were detected in your script. Please correct the
errors listed below, and try again.


File "game/script.rpy", line 28: ATL statement contains two expressions in a row; is one of them a misspelled property? If not, separate them with pass.
    yallign 0.5
               ^

Ren'Py Version: Ren'Py 7.6.3.23091805
Tue Dec 19 15:56:13 2023
